input_processing.c:25:6:sevenLEDvalueToDisplay	16	static
input_processing.c:42:6:resetBuffer_lightSeconds	16	static
input_processing.c:47:6:saveBuffer_lightSeconds	16	static
input_processing.c:53:6:update_counterTraffic_to_Buffer	4	static
input_processing.c:59:6:update_lightSeconds_to_counterTraffic	4	static
input_processing.c:63:6:init_for_automatic_leds	8	static
input_processing.c:68:6:fsm_for_automatic_leds	8	static
input_processing.c:120:6:fsm_for_input_processing	8	static
input_processing.c:218:6:M1_transition_function	8	static
