led_display.c:14:8:OnP_A	16	static
led_display.c:27:8:OnP_B	16	static
led_display.c:40:8:OnP_C	16	static
led_display.c:53:8:OnP_D	16	static
led_display.c:66:8:OnP_E	16	static
led_display.c:79:8:OnP_F	16	static
led_display.c:92:8:OnP_G	16	static
led_display.c:106:8:OffP_A	16	static
led_display.c:119:8:OffP_B	16	static
led_display.c:132:8:OffP_C	16	static
led_display.c:145:8:OffP_D	16	static
led_display.c:158:8:OffP_E	16	static
led_display.c:171:8:OffP_F	16	static
led_display.c:184:8:OffP_G	16	static
led_display.c:198:6:display7SEG	16	static
led_display.c:304:6:OnEN_7SEG0	16	static
led_display.c:316:6:OffEN_7SEG0	16	static
led_display.c:329:6:OnEN_7SEG1	16	static
led_display.c:341:6:OffEN_7SEG1	16	static
led_display.c:354:6:TurnOffAll7SEG0	8	static
led_display.c:358:6:TurnOffAll7SEG1	8	static
led_display.c:363:6:update7SEG0	16	static
led_display.c:380:6:update7SEG1	16	static
led_display.c:399:6:OnRed1	8	static
led_display.c:402:6:OnYellow1	8	static
led_display.c:405:6:OnGreen1	8	static
led_display.c:408:6:OffRed1	8	static
led_display.c:411:6:OffYellow1	8	static
led_display.c:414:6:OffGreen1	8	static
led_display.c:418:6:OnRed2	8	static
led_display.c:421:6:OnYellow2	8	static
led_display.c:424:6:OnGreen2	8	static
led_display.c:427:6:OffRed2	8	static
led_display.c:430:6:OffYellow2	8	static
led_display.c:433:6:OffGreen2	8	static
led_display.c:437:6:OffAllLED	8	static
led_display.c:445:6:OffAllLED1	8	static
led_display.c:450:6:OffAllLED2	8	static
led_display.c:455:6:ToggleAllRed	8	static
led_display.c:460:6:ToggleAllYellow	8	static
led_display.c:465:6:ToggleAllGreen	8	static
led_display.c:470:6:updateM1LEDS	8	static
led_display.c:499:6:TimerInterupt	8	static
