Archive member included to satisfy reference by file (symbol)

c:/d/coding/stm32cubeide/application/stm32cubeide_1.7.0/stm32cubeide/plugins/com.st.stm32cube.ide.mcu.externaltools.gnu-tools-for-stm32.9-2020-q2-update.win32_2.0.0.202105311346/tools/bin/../lib/gcc/arm-none-eabi/9.3.1/../../../../arm-none-eabi/lib/thumb/v7-m/nofp\libc_nano.a(lib_a-errno.o)
                              ./Core/Src/syscalls.o (__errno)
c:/d/coding/stm32cubeide/application/stm32cubeide_1.7.0/stm32cubeide/plugins/com.st.stm32cube.ide.mcu.externaltools.gnu-tools-for-stm32.9-2020-q2-update.win32_2.0.0.202105311346/tools/bin/../lib/gcc/arm-none-eabi/9.3.1/../../../../arm-none-eabi/lib/thumb/v7-m/nofp\libc_nano.a(lib_a-exit.o)
                              c:/d/coding/stm32cubeide/application/stm32cubeide_1.7.0/stm32cubeide/plugins/com.st.stm32cube.ide.mcu.externaltools.gnu-tools-for-stm32.9-2020-q2-update.win32_2.0.0.202105311346/tools/bin/../lib/gcc/arm-none-eabi/9.3.1/../../../../arm-none-eabi/lib/thumb/v7-m/nofp/crt0.o (exit)
c:/d/coding/stm32cubeide/application/stm32cubeide_1.7.0/stm32cubeide/plugins/com.st.stm32cube.ide.mcu.externaltools.gnu-tools-for-stm32.9-2020-q2-update.win32_2.0.0.202105311346/tools/bin/../lib/gcc/arm-none-eabi/9.3.1/../../../../arm-none-eabi/lib/thumb/v7-m/nofp\libc_nano.a(lib_a-impure.o)
                              c:/d/coding/stm32cubeide/application/stm32cubeide_1.7.0/stm32cubeide/plugins/com.st.stm32cube.ide.mcu.externaltools.gnu-tools-for-stm32.9-2020-q2-update.win32_2.0.0.202105311346/tools/bin/../lib/gcc/arm-none-eabi/9.3.1/../../../../arm-none-eabi/lib/thumb/v7-m/nofp\libc_nano.a(lib_a-exit.o) (_global_impure_ptr)
c:/d/coding/stm32cubeide/application/stm32cubeide_1.7.0/stm32cubeide/plugins/com.st.stm32cube.ide.mcu.externaltools.gnu-tools-for-stm32.9-2020-q2-update.win32_2.0.0.202105311346/tools/bin/../lib/gcc/arm-none-eabi/9.3.1/../../../../arm-none-eabi/lib/thumb/v7-m/nofp\libc_nano.a(lib_a-init.o)
                              c:/d/coding/stm32cubeide/application/stm32cubeide_1.7.0/stm32cubeide/plugins/com.st.stm32cube.ide.mcu.externaltools.gnu-tools-for-stm32.9-2020-q2-update.win32_2.0.0.202105311346/tools/bin/../lib/gcc/arm-none-eabi/9.3.1/../../../../arm-none-eabi/lib/thumb/v7-m/nofp/crt0.o (__libc_init_array)
c:/d/coding/stm32cubeide/application/stm32cubeide_1.7.0/stm32cubeide/plugins/com.st.stm32cube.ide.mcu.externaltools.gnu-tools-for-stm32.9-2020-q2-update.win32_2.0.0.202105311346/tools/bin/../lib/gcc/arm-none-eabi/9.3.1/../../../../arm-none-eabi/lib/thumb/v7-m/nofp\libc_nano.a(lib_a-memset.o)
                              c:/d/coding/stm32cubeide/application/stm32cubeide_1.7.0/stm32cubeide/plugins/com.st.stm32cube.ide.mcu.externaltools.gnu-tools-for-stm32.9-2020-q2-update.win32_2.0.0.202105311346/tools/bin/../lib/gcc/arm-none-eabi/9.3.1/../../../../arm-none-eabi/lib/thumb/v7-m/nofp/crt0.o (memset)

Allocating common symbols
Common symbol       size              file

uwTick              0x4               ./Drivers/STM32F1xx_HAL_Driver/Src/stm32f1xx_hal.o
pFlash              0x20              ./Drivers/STM32F1xx_HAL_Driver/Src/stm32f1xx_hal_flash.o
htim2               0x48              ./Core/Src/main.o

Discarded input sections

 .text          0x0000000000000000        0x0 c:/d/coding/stm32cubeide/application/stm32cubeide_1.7.0/stm32cubeide/plugins/com.st.stm32cube.ide.mcu.externaltools.gnu-tools-for-stm32.9-2020-q2-update.win32_2.0.0.202105311346/tools/bin/../lib/gcc/arm-none-eabi/9.3.1/thumb/v7-m/nofp/crti.o
 .data          0x0000000000000000        0x0 c:/d/coding/stm32cubeide/application/stm32cubeide_1.7.0/stm32cubeide/plugins/com.st.stm32cube.ide.mcu.externaltools.gnu-tools-for-stm32.9-2020-q2-update.win32_2.0.0.202105311346/tools/bin/../lib/gcc/arm-none-eabi/9.3.1/thumb/v7-m/nofp/crti.o
 .bss           0x0000000000000000        0x0 c:/d/coding/stm32cubeide/application/stm32cubeide_1.7.0/stm32cubeide/plugins/com.st.stm32cube.ide.mcu.externaltools.gnu-tools-for-stm32.9-2020-q2-update.win32_2.0.0.202105311346/tools/bin/../lib/gcc/arm-none-eabi/9.3.1/thumb/v7-m/nofp/crti.o
 .data          0x0000000000000000        0x4 c:/d/coding/stm32cubeide/application/stm32cubeide_1.7.0/stm32cubeide/plugins/com.st.stm32cube.ide.mcu.externaltools.gnu-tools-for-stm32.9-2020-q2-update.win32_2.0.0.202105311346/tools/bin/../lib/gcc/arm-none-eabi/9.3.1/thumb/v7-m/nofp/crtbegin.o
 .text          0x0000000000000000       0x7c c:/d/coding/stm32cubeide/application/stm32cubeide_1.7.0/stm32cubeide/plugins/com.st.stm32cube.ide.mcu.externaltools.gnu-tools-for-stm32.9-2020-q2-update.win32_2.0.0.202105311346/tools/bin/../lib/gcc/arm-none-eabi/9.3.1/../../../../arm-none-eabi/lib/thumb/v7-m/nofp/crt0.o
 .data          0x0000000000000000        0x0 c:/d/coding/stm32cubeide/application/stm32cubeide_1.7.0/stm32cubeide/plugins/com.st.stm32cube.ide.mcu.externaltools.gnu-tools-for-stm32.9-2020-q2-update.win32_2.0.0.202105311346/tools/bin/../lib/gcc/arm-none-eabi/9.3.1/../../../../arm-none-eabi/lib/thumb/v7-m/nofp/crt0.o
[...]
Memory Configuration

Name             Origin             Length             Attributes
RAM              0x0000000020000000 0x0000000000002800 xrw
FLASH            0x0000000008000000 0x0000000000008000 xr
*default*        0x0000000000000000 0xffffffffffffffff

Linker script and memory map

LOAD c:/d/coding/stm32cubeide/application/stm32cubeide_1.7.0/stm32cubeide/plugins/com.st.stm32cube.ide.mcu.externaltools.gnu-tools-for-stm32.9-2020-q2-update.win32_2.0.0.202105311346/tools/bin/../lib/gcc/arm-none-eabi/9.3.1/thumb/v7-m/nofp/crti.o
LOAD c:/d/coding/stm32cubeide/application/stm32cubeide_1.7.0/stm32cubeide/plugins/com.st.stm32cube.ide.mcu.externaltools.gnu-tools-for-stm32.9-2020-q2-update.win32_2.0.0.202105311346/tools/bin/../lib/gcc/arm-none-eabi/9.3.1/thumb/v7-m/nofp/crtbegin.o
LOAD c:/d/coding/stm32cubeide/application/stm32cubeide_1.7.0/stm32cubeide/plugins/com.st.stm32cube.ide.mcu.externaltools.gnu-tools-for-stm32.9-2020-q2-update.win32_2.0.0.202105311346/tools/bin/../lib/gcc/arm-none-eabi/9.3.1/../../../../arm-none-eabi/lib/thumb/v7-m/nofp/crt0.o
LOAD ./Core/Src/input_processing.o
LOAD ./Core/Src/input_reading.o
LOAD ./Core/Src/led_display.o
LOAD ./Core/Src/main.o
LOAD ./Core/Src/software_timer.o
LOAD ./Core/Src/stm32f1xx_hal_msp.o
LOAD ./Core/Src/stm32f1xx_it.o
LOAD ./Core/Src/syscalls.o
LOAD ./Core/Src/sysmem.o
LOAD ./Core/Src/system_stm32f1xx.o
LOAD ./Core/Startup/startup_stm32f103c6ux.o
LOAD ./Drivers/STM32F1xx_HAL_Driver/Src/stm32f1xx_hal.o
LOAD ./Drivers/STM32F1xx_HAL_Driver/Src/stm32f1xx_hal_cortex.o
LOAD ./Drivers/STM32F1xx_HAL_Driver/Src/stm32f1xx_hal_dma.o
LOAD ./Drivers/STM32F1xx_HAL_Driver/Src/stm32f1xx_hal_exti.o
LOAD ./Drivers/STM32F1xx_HAL_Driver/Src/stm32f1xx_hal_flash.o
LOAD ./Drivers/STM32F1xx_HAL_Driver/Src/stm32f1xx_hal_flash_ex.o
LOAD ./Drivers/STM32F1xx_HAL_Driver/Src/stm32f1xx_hal_gpio.o
LOAD ./Drivers/STM32F1xx_HAL_Driver/Src/stm32f1xx_hal_gpio_ex.o
LOAD ./Drivers/STM32F1xx_HAL_Driver/Src/stm32f1xx_hal_pwr.o
LOAD ./Drivers/STM32F1xx_HAL_Driver/Src/stm32f1xx_hal_rcc.o
LOAD ./Drivers/STM32F1xx_HAL_Driver/Src/stm32f1xx_hal_rcc_ex.o
LOAD ./Drivers/STM32F1xx_HAL_Driver/Src/stm32f1xx_hal_tim.o
LOAD ./Drivers/STM32F1xx_HAL_Driver/Src/stm32f1xx_hal_tim_ex.o
START GROUP
LOAD c:/d/coding/stm32cubeide/application/stm32cubeide_1.7.0/stm32cubeide/plugins/com.st.stm32cube.ide.mcu.externaltools.gnu-tools-for-stm32.9-2020-q2-update.win32_2.0.0.202105311346/tools/bin/../lib/gcc/arm-none-eabi/9.3.1/../../../../arm-none-eabi/lib/thumb/v7-m/nofp\libc_nano.a
LOAD c:/d/coding/stm32cubeide/application/stm32cubeide_1.7.0/stm32cubeide/plugins/com.st.stm32cube.ide.mcu.externaltools.gnu-tools-for-stm32.9-2020-q2-update.win32_2.0.0.202105311346/tools/bin/../lib/gcc/arm-none-eabi/9.3.1/../../../../arm-none-eabi/lib/thumb/v7-m/nofp\libm.a
END GROUP
START GROUP
LOAD c:/d/coding/stm32cubeide/application/stm32cubeide_1.7.0/stm32cubeide/plugins/com.st.stm32cube.ide.mcu.externaltools.gnu-tools-for-stm32.9-2020-q2-update.win32_2.0.0.202105311346/tools/bin/../lib/gcc/arm-none-eabi/9.3.1/thumb/v7-m/nofp\libgcc.a
LOAD c:/d/coding/stm32cubeide/application/stm32cubeide_1.7.0/stm32cubeide/plugins/com.st.stm32cube.ide.mcu.externaltools.gnu-tools-for-stm32.9-2020-q2-update.win32_2.0.0.202105311346/tools/bin/../lib/gcc/arm-none-eabi/9.3.1/../../../../arm-none-eabi/lib/thumb/v7-m/nofp\libc_nano.a
END GROUP
START GROUP
LOAD c:/d/coding/stm32cubeide/application/stm32cubeide_1.7.0/stm32cubeide/plugins/com.st.stm32cube.ide.mcu.externaltools.gnu-tools-for-stm32.9-2020-q2-update.win32_2.0.0.202105311346/tools/bin/../lib/gcc/arm-none-eabi/9.3.1/thumb/v7-m/nofp\libgcc.a
LOAD c:/d/coding/stm32cubeide/application/stm32cubeide_1.7.0/stm32cubeide/plugins/com.st.stm32cube.ide.mcu.externaltools.gnu-tools-for-stm32.9-2020-q2-update.win32_2.0.0.202105311346/tools/bin/../lib/gcc/arm-none-eabi/9.3.1/../../../../arm-none-eabi/lib/thumb/v7-m/nofp\libc_nano.a
LOAD c:/d/coding/stm32cubeide/application/stm32cubeide_1.7.0/stm32cubeide/plugins/com.st.stm32cube.ide.mcu.externaltools.gnu-tools-for-stm32.9-2020-q2-update.win32_2.0.0.202105311346/tools/bin/../lib/gcc/arm-none-eabi/9.3.1/../../../../arm-none-eabi/lib/thumb/v7-m/nofp\libnosys.a
END GROUP
START GROUP
LOAD c:/d/coding/stm32cubeide/application/stm32cubeide_1.7.0/stm32cubeide/plugins/com.st.stm32cube.ide.mcu.externaltools.gnu-tools-for-stm32.9-2020-q2-update.win32_2.0.0.202105311346/tools/bin/../lib/gcc/arm-none-eabi/9.3.1/thumb/v7-m/nofp\libgcc.a
LOAD c:/d/coding/stm32cubeide/application/stm32cubeide_1.7.0/stm32cubeide/plugins/com.st.stm32cube.ide.mcu.externaltools.gnu-tools-for-stm32.9-2020-q2-update.win32_2.0.0.202105311346/tools/bin/../lib/gcc/arm-none-eabi/9.3.1/../../../../arm-none-eabi/lib/thumb/v7-m/nofp\libc_nano.a
LOAD c:/d/coding/stm32cubeide/application/stm32cubeide_1.7.0/stm32cubeide/plugins/com.st.stm32cube.ide.mcu.externaltools.gnu-tools-for-stm32.9-2020-q2-update.win32_2.0.0.202105311346/tools/bin/../lib/gcc/arm-none-eabi/9.3.1/../../../../arm-none-eabi/lib/thumb/v7-m/nofp\libnosys.a
END GROUP
LOAD c:/d/coding/stm32cubeide/application/stm32cubeide_1.7.0/stm32cubeide/plugins/com.st.stm32cube.ide.mcu.externaltools.gnu-tools-for-stm32.9-2020-q2-update.win32_2.0.0.202105311346/tools/bin/../lib/gcc/arm-none-eabi/9.3.1/thumb/v7-m/nofp/crtend.o
LOAD c:/d/coding/stm32cubeide/application/stm32cubeide_1.7.0/stm32cubeide/plugins/com.st.stm32cube.ide.mcu.externaltools.gnu-tools-for-stm32.9-2020-q2-update.win32_2.0.0.202105311346/tools/bin/../lib/gcc/arm-none-eabi/9.3.1/thumb/v7-m/nofp/crtn.o
                0x0000000020002800                _estack = (ORIGIN (RAM) + LENGTH (RAM))
                0x0000000000000200                _Min_Heap_Size = 0x200
                0x0000000000000400                _Min_Stack_Size = 0x400

.isr_vector     0x0000000008000000      0x10c
                0x0000000008000000                . = ALIGN (0x4)
 *(.isr_vector)
 .isr_vector    0x0000000008000000      0x10c ./Core/Startup/startup_stm32f103c6ux.o
                0x0000000008000000                g_pfnVectors
                0x000000000800010c                . = ALIGN (0x4)

.text           0x000000000800010c     0x2ca0
                0x000000000800010c                . = ALIGN (0x4)
 *(.text)
 .text          0x000000000800010c       0x40 c:/d/coding/stm32cubeide/application/stm32cubeide_1.7.0/stm32cubeide/plugins/com.st.stm32cube.ide.mcu.externaltools.gnu-tools-for-stm32.9-2020-q2-update.win32_2.0.0.202105311346/tools/bin/../lib/gcc/arm-none-eabi/9.3.1/thumb/v7-m/nofp/crtbegin.o
 *(.text*)
 .text.sevenLEDvalueToDisplay
                0x000000000800014c       0x90 ./Core/Src/input_processing.o
                0x000000000800014c                sevenLEDvalueToDisplay
 .text.resetBuffer_lightSeconds
                0x00000000080001dc       0x3c ./Core/Src/input_processing.o
                0x00000000080001dc                resetBuffer_lightSeconds
 .text.saveBuffer_lightSeconds
                0x0000000008000218       0x3c ./Core/Src/input_processing.o
                0x0000000008000218                saveBuffer_lightSeconds
 .text.update_counterTraffic_to_Buffer
                0x0000000008000254       0x7c ./Core/Src/input_processing.o
                0x0000000008000254                update_counterTraffic_to_Buffer
 .text.update_lightSeconds_to_counterTraffic
                0x00000000080002d0       0x24 ./Core/Src/input_processing.o
                0x00000000080002d0                update_lightSeconds_to_counterTraffic
 .text.init_for_automatic_leds
                0x00000000080002f4       0x14 ./Core/Src/input_processing.o
                0x00000000080002f4                init_for_automatic_leds
 .text.fsm_for_automatic_leds
                0x0000000008000308      0x104 ./Core/Src/input_processing.o
                0x0000000008000308                fsm_for_automatic_leds
 .text.fsm_for_input_processing
                0x000000000800040c      0x2a4 ./Core/Src/input_processing.o
                0x000000000800040c                fsm_for_input_processing
 .text.M1_transition_function
                0x00000000080006b0       0x40 ./Core/Src/input_processing.o
                0x00000000080006b0                M1_transition_function
 .text.button_reading
                0x00000000080006f0      0x1c4 ./Core/Src/input_reading.o
                0x00000000080006f0                button_reading
 .text.is_button_pressed
                0x00000000080008b4       0x34 ./Core/Src/input_reading.o
                0x00000000080008b4                is_button_pressed
 .text.is_button_pressed_1s
                0x00000000080008e8       0x34 ./Core/Src/input_reading.o
                0x00000000080008e8                is_button_pressed_1s
 .text.OnP_A    0x000000000800091c       0x40 ./Core/Src/led_display.o
                0x000000000800091c                OnP_A
 .text.OnP_B    0x000000000800095c       0x44 ./Core/Src/led_display.o
                0x000000000800095c                OnP_B
 .text.OnP_C    0x00000000080009a0       0x44 ./Core/Src/led_display.o
                0x00000000080009a0                OnP_C
 .text.OnP_D    0x00000000080009e4       0x44 ./Core/Src/led_display.o
                0x00000000080009e4                OnP_D
 .text.OnP_E    0x0000000008000a28       0x44 ./Core/Src/led_display.o
                0x0000000008000a28                OnP_E
 .text.OnP_F    0x0000000008000a6c       0x44 ./Core/Src/led_display.o
                0x0000000008000a6c                OnP_F
 .text.OnP_G    0x0000000008000ab0       0x44 ./Core/Src/led_display.o
                0x0000000008000ab0                OnP_G
 .text.OffP_A   0x0000000008000af4       0x40 ./Core/Src/led_display.o
                0x0000000008000af4                OffP_A
 .text.OffP_B   0x0000000008000b34       0x44 ./Core/Src/led_display.o
                0x0000000008000b34                OffP_B
 .text.OffP_C   0x0000000008000b78       0x44 ./Core/Src/led_display.o
                0x0000000008000b78                OffP_C
 .text.OffP_D   0x0000000008000bbc       0x44 ./Core/Src/led_display.o
                0x0000000008000bbc                OffP_D
 .text.OffP_E   0x0000000008000c00       0x44 ./Core/Src/led_display.o
                0x0000000008000c00                OffP_E
 .text.OffP_F   0x0000000008000c44       0x44 ./Core/Src/led_display.o
                0x0000000008000c44                OffP_F
 .text.OffP_G   0x0000000008000c88       0x44 ./Core/Src/led_display.o
                0x0000000008000c88                OffP_G
 .text.display7SEG
                0x0000000008000ccc      0x23c ./Core/Src/led_display.o
                0x0000000008000ccc                display7SEG
 .text.OnEN_7SEG0
                0x0000000008000f08       0x3c ./Core/Src/led_display.o
                0x0000000008000f08                OnEN_7SEG0
 .text.OffEN_7SEG0
                0x0000000008000f44       0x3c ./Core/Src/led_display.o
                0x0000000008000f44                OffEN_7SEG0
 .text.OnEN_7SEG1
                0x0000000008000f80       0x40 ./Core/Src/led_display.o
                0x0000000008000f80                OnEN_7SEG1
 .text.OffEN_7SEG1
                0x0000000008000fc0       0x40 ./Core/Src/led_display.o
                0x0000000008000fc0                OffEN_7SEG1
 .text.TurnOffAll7SEG0
                0x0000000008001000       0x14 ./Core/Src/led_display.o
                0x0000000008001000                TurnOffAll7SEG0
 .text.TurnOffAll7SEG1
                0x0000000008001014       0x14 ./Core/Src/led_display.o
                0x0000000008001014                TurnOffAll7SEG1
 .text.update7SEG0
                0x0000000008001028       0x4c ./Core/Src/led_display.o
                0x0000000008001028                update7SEG0
 .text.update7SEG1
                0x0000000008001074       0x4c ./Core/Src/led_display.o
                0x0000000008001074                update7SEG1
 .text.OnRed1   0x00000000080010c0       0x18 ./Core/Src/led_display.o
                0x00000000080010c0                OnRed1
 .text.OnYellow1
                0x00000000080010d8       0x18 ./Core/Src/led_display.o
                0x00000000080010d8                OnYellow1
 .text.OnGreen1
                0x00000000080010f0       0x18 ./Core/Src/led_display.o
                0x00000000080010f0                OnGreen1
 .text.OffRed1  0x0000000008001108       0x18 ./Core/Src/led_display.o
                0x0000000008001108                OffRed1
 .text.OffYellow1
                0x0000000008001120       0x18 ./Core/Src/led_display.o
                0x0000000008001120                OffYellow1
 .text.OffGreen1
                0x0000000008001138       0x18 ./Core/Src/led_display.o
                0x0000000008001138                OffGreen1
 .text.OnRed2   0x0000000008001150       0x18 ./Core/Src/led_display.o
                0x0000000008001150                OnRed2
 .text.OnYellow2
                0x0000000008001168       0x18 ./Core/Src/led_display.o
                0x0000000008001168                OnYellow2
 .text.OnGreen2
                0x0000000008001180       0x18 ./Core/Src/led_display.o
                0x0000000008001180                OnGreen2
 .text.OffRed2  0x0000000008001198       0x18 ./Core/Src/led_display.o
                0x0000000008001198                OffRed2
 .text.OffYellow2
                0x00000000080011b0       0x18 ./Core/Src/led_display.o
                0x00000000080011b0                OffYellow2
 .text.OffGreen2
                0x00000000080011c8       0x18 ./Core/Src/led_display.o
                0x00000000080011c8                OffGreen2
 .text.OffAllLED
                0x00000000080011e0       0x20 ./Core/Src/led_display.o
                0x00000000080011e0                OffAllLED
 .text.OffAllLED1
                0x0000000008001200       0x14 ./Core/Src/led_display.o
                0x0000000008001200                OffAllLED1
 .text.OffAllLED2
                0x0000000008001214       0x14 ./Core/Src/led_display.o
                0x0000000008001214                OffAllLED2
 .text.ToggleAllRed
                0x0000000008001228       0x1c ./Core/Src/led_display.o
                0x0000000008001228                ToggleAllRed
 .text.ToggleAllYellow
                0x0000000008001244       0x1c ./Core/Src/led_display.o
                0x0000000008001244                ToggleAllYellow
 .text.ToggleAllGreen
                0x0000000008001260       0x1c ./Core/Src/led_display.o
                0x0000000008001260                ToggleAllGreen
 .text.TimerInterupt
                0x000000000800127c       0x94 ./Core/Src/led_display.o
                0x000000000800127c                TimerInterupt
 .text.main     0x0000000008001310       0x50 ./Core/Src/main.o
                0x0000000008001310                main
 .text.SystemClock_Config
                0x0000000008001360       0x76 ./Core/Src/main.o
                0x0000000008001360                SystemClock_Config
 *fill*         0x00000000080013d6        0x2 
 .text.MX_TIM2_Init
                0x00000000080013d8       0x98 ./Core/Src/main.o
 .text.MX_GPIO_Init
                0x0000000008001470       0xc8 ./Core/Src/main.o
 .text.HAL_TIM_PeriodElapsedCallback
                0x0000000008001538       0x14 ./Core/Src/main.o
                0x0000000008001538                HAL_TIM_PeriodElapsedCallback
 .text.Error_Handler
                0x000000000800154c        0xa ./Core/Src/main.o
                0x000000000800154c                Error_Handler
 *fill*         0x0000000008001556        0x2 
 .text.setTimer
                0x0000000008001558       0x30 ./Core/Src/software_timer.o
                0x0000000008001558                setTimer
 .text.timerRun
                0x0000000008001588       0x60 ./Core/Src/software_timer.o
                0x0000000008001588                timerRun
 .text.HAL_MspInit
                0x00000000080015e8       0x64 ./Core/Src/stm32f1xx_hal_msp.o
                0x00000000080015e8                HAL_MspInit
 .text.HAL_TIM_Base_MspInit
                0x000000000800164c       0x48 ./Core/Src/stm32f1xx_hal_msp.o
                0x000000000800164c                HAL_TIM_Base_MspInit
 .text.NMI_Handler
                0x0000000008001694        0x6 ./Core/Src/stm32f1xx_it.o
                0x0000000008001694                NMI_Handler
 .text.HardFault_Handler
                0x000000000800169a        0x6 ./Core/Src/stm32f1xx_it.o
                0x000000000800169a                HardFault_Handler
 .text.MemManage_Handler
                0x00000000080016a0        0x6 ./Core/Src/stm32f1xx_it.o
                0x00000000080016a0                MemManage_Handler
 .text.BusFault_Handler
                0x00000000080016a6        0x6 ./Core/Src/stm32f1xx_it.o
                0x00000000080016a6                BusFault_Handler
 .text.UsageFault_Handler
                0x00000000080016ac        0x6 ./Core/Src/stm32f1xx_it.o
                0x00000000080016ac                UsageFault_Handler
 .text.SVC_Handler
                0x00000000080016b2        0xc ./Core/Src/stm32f1xx_it.o
                0x00000000080016b2                SVC_Handler
 .text.DebugMon_Handler
                0x00000000080016be        0xc ./Core/Src/stm32f1xx_it.o
                0x00000000080016be                DebugMon_Handler
 .text.PendSV_Handler
                0x00000000080016ca        0xc ./Core/Src/stm32f1xx_it.o
                0x00000000080016ca                PendSV_Handler
 .text.SysTick_Handler
                0x00000000080016d6        0xc ./Core/Src/stm32f1xx_it.o
                0x00000000080016d6                SysTick_Handler
 *fill*         0x00000000080016e2        0x2 
 .text.TIM2_IRQHandler
                0x00000000080016e4       0x14 ./Core/Src/stm32f1xx_it.o
                0x00000000080016e4                TIM2_IRQHandler
 .text.SystemInit
                0x00000000080016f8        0xc ./Core/Src/system_stm32f1xx.o
                0x00000000080016f8                SystemInit
 .text.Reset_Handler
                0x0000000008001704       0x48 ./Core/Startup/startup_stm32f103c6ux.o
                0x0000000008001704                Reset_Handler
 .text.Default_Handler
                0x000000000800174c        0x2 ./Core/Startup/startup_stm32f103c6ux.o
                0x000000000800174c                RTC_Alarm_IRQHandler
                0x000000000800174c                EXTI2_IRQHandler
                0x000000000800174c                TIM1_CC_IRQHandler
                0x000000000800174c                PVD_IRQHandler
                0x000000000800174c                EXTI3_IRQHandler
                0x000000000800174c                EXTI0_IRQHandler
                0x000000000800174c                ADC1_2_IRQHandler
                0x000000000800174c                SPI1_IRQHandler
                0x000000000800174c                TAMPER_IRQHandler
                0x000000000800174c                DMA1_Channel4_IRQHandler
                0x000000000800174c                RTC_IRQHandler
                0x000000000800174c                DMA1_Channel7_IRQHandler
                0x000000000800174c                CAN1_RX1_IRQHandler
                0x000000000800174c                I2C1_EV_IRQHandler
                0x000000000800174c                DMA1_Channel6_IRQHandler
                0x000000000800174c                TIM3_IRQHandler
                0x000000000800174c                RCC_IRQHandler
                0x000000000800174c                TIM1_TRG_COM_IRQHandler
                0x000000000800174c                DMA1_Channel1_IRQHandler
                0x000000000800174c                Default_Handler
                0x000000000800174c                EXTI15_10_IRQHandler
                0x000000000800174c                EXTI9_5_IRQHandler
                0x000000000800174c                DMA1_Channel5_IRQHandler
                0x000000000800174c                EXTI4_IRQHandler
                0x000000000800174c                USB_LP_CAN1_RX0_IRQHandler
                0x000000000800174c                USB_HP_CAN1_TX_IRQHandler
                0x000000000800174c                DMA1_Channel3_IRQHandler
                0x000000000800174c                TIM1_UP_IRQHandler
                0x000000000800174c                WWDG_IRQHandler
                0x000000000800174c                TIM1_BRK_IRQHandler
                0x000000000800174c                EXTI1_IRQHandler
                0x000000000800174c                USART2_IRQHandler
                0x000000000800174c                DMA1_Channel2_IRQHandler
                0x000000000800174c                CAN1_SCE_IRQHandler
                0x000000000800174c                FLASH_IRQHandler
                0x000000000800174c                USART1_IRQHandler
                0x000000000800174c                I2C1_ER_IRQHandler
                0x000000000800174c                USBWakeUp_IRQHandler
 *fill*         0x000000000800174e        0x2 
 .text.HAL_Init
                0x0000000008001750       0x2c ./Drivers/STM32F1xx_HAL_Driver/Src/stm32f1xx_hal.o
                0x0000000008001750                HAL_Init
 .text.HAL_InitTick
                0x000000000800177c       0x60 ./Drivers/STM32F1xx_HAL_Driver/Src/stm32f1xx_hal.o
                0x000000000800177c                HAL_InitTick
 .text.HAL_IncTick
                0x00000000080017dc       0x24 ./Drivers/STM32F1xx_HAL_Driver/Src/stm32f1xx_hal.o
                0x00000000080017dc                HAL_IncTick
 .text.HAL_GetTick
                0x0000000008001800       0x14 ./Drivers/STM32F1xx_HAL_Driver/Src/stm32f1xx_hal.o
                0x0000000008001800                HAL_GetTick
 .text.__NVIC_SetPriorityGrouping
                0x0000000008001814       0x48 ./Drivers/STM32F1xx_HAL_Driver/Src/stm32f1xx_hal_cortex.o
 .text.__NVIC_GetPriorityGrouping
                0x000000000800185c       0x1c ./Drivers/STM32F1xx_HAL_Driver/Src/stm32f1xx_hal_cortex.o
 .text.__NVIC_EnableIRQ
                0x0000000008001878       0x38 ./Drivers/STM32F1xx_HAL_Driver/Src/stm32f1xx_hal_cortex.o
 .text.__NVIC_SetPriority
                0x00000000080018b0       0x54 ./Drivers/STM32F1xx_HAL_Driver/Src/stm32f1xx_hal_cortex.o
 .text.NVIC_EncodePriority
                0x0000000008001904       0x64 ./Drivers/STM32F1xx_HAL_Driver/Src/stm32f1xx_hal_cortex.o
 .text.SysTick_Config
                0x0000000008001968       0x44 ./Drivers/STM32F1xx_HAL_Driver/Src/stm32f1xx_hal_cortex.o
 .text.HAL_NVIC_SetPriorityGrouping
                0x00000000080019ac       0x16 ./Drivers/STM32F1xx_HAL_Driver/Src/stm32f1xx_hal_cortex.o
                0x00000000080019ac                HAL_NVIC_SetPriorityGrouping
 .text.HAL_NVIC_SetPriority
                0x00000000080019c2       0x38 ./Drivers/STM32F1xx_HAL_Driver/Src/stm32f1xx_hal_cortex.o
                0x00000000080019c2                HAL_NVIC_SetPriority
 .text.HAL_NVIC_EnableIRQ
                0x00000000080019fa       0x1c ./Drivers/STM32F1xx_HAL_Driver/Src/stm32f1xx_hal_cortex.o
                0x00000000080019fa                HAL_NVIC_EnableIRQ
 .text.HAL_SYSTICK_Config
                0x0000000008001a16       0x18 ./Drivers/STM32F1xx_HAL_Driver/Src/stm32f1xx_hal_cortex.o
                0x0000000008001a16                HAL_SYSTICK_Config
 *fill*         0x0000000008001a2e        0x2 
 .text.HAL_GPIO_Init
                0x0000000008001a30      0x2f4 ./Drivers/STM32F1xx_HAL_Driver/Src/stm32f1xx_hal_gpio.o
                0x0000000008001a30                HAL_GPIO_Init
 .text.HAL_GPIO_ReadPin
                0x0000000008001d24       0x2e ./Drivers/STM32F1xx_HAL_Driver/Src/stm32f1xx_hal_gpio.o
                0x0000000008001d24                HAL_GPIO_ReadPin
 .text.HAL_GPIO_WritePin
                0x0000000008001d52       0x30 ./Drivers/STM32F1xx_HAL_Driver/Src/stm32f1xx_hal_gpio.o
                0x0000000008001d52                HAL_GPIO_WritePin
 .text.HAL_GPIO_TogglePin
                0x0000000008001d82       0x32 ./Drivers/STM32F1xx_HAL_Driver/Src/stm32f1xx_hal_gpio.o
                0x0000000008001d82                HAL_GPIO_TogglePin
 .text.HAL_RCC_OscConfig
                0x0000000008001db4      0x500 ./Drivers/STM32F1xx_HAL_Driver/Src/stm32f1xx_hal_rcc.o
                0x0000000008001db4                HAL_RCC_OscConfig
 .text.HAL_RCC_ClockConfig
                0x00000000080022b4      0x1d4 ./Drivers/STM32F1xx_HAL_Driver/Src/stm32f1xx_hal_rcc.o
                0x00000000080022b4                HAL_RCC_ClockConfig
 .text.HAL_RCC_GetSysClockFreq
                0x0000000008002488       0xa8 ./Drivers/STM32F1xx_HAL_Driver/Src/stm32f1xx_hal_rcc.o
                0x0000000008002488                HAL_RCC_GetSysClockFreq
 .text.RCC_Delay
                0x0000000008002530       0x3c ./Drivers/STM32F1xx_HAL_Driver/Src/stm32f1xx_hal_rcc.o
 .text.HAL_TIM_Base_Init
                0x000000000800256c       0x9e ./Drivers/STM32F1xx_HAL_Driver/Src/stm32f1xx_hal_tim.o
                0x000000000800256c                HAL_TIM_Base_Init
 *fill*         0x000000000800260a        0x2 
 .text.HAL_TIM_Base_Start_IT
                0x000000000800260c       0x98 ./Drivers/STM32F1xx_HAL_Driver/Src/stm32f1xx_hal_tim.o
                0x000000000800260c                HAL_TIM_Base_Start_IT
 .text.HAL_TIM_IRQHandler
                0x00000000080026a4      0x210 ./Drivers/STM32F1xx_HAL_Driver/Src/stm32f1xx_hal_tim.o
                0x00000000080026a4                HAL_TIM_IRQHandler
 .text.HAL_TIM_ConfigClockSource
                0x00000000080028b4      0x18e ./Drivers/STM32F1xx_HAL_Driver/Src/stm32f1xx_hal_tim.o
                0x00000000080028b4                HAL_TIM_ConfigClockSource
 .text.HAL_TIM_OC_DelayElapsedCallback
                0x0000000008002a42       0x12 ./Drivers/STM32F1xx_HAL_Driver/Src/stm32f1xx_hal_tim.o
                0x0000000008002a42                HAL_TIM_OC_DelayElapsedCallback
 .text.HAL_TIM_IC_CaptureCallback
                0x0000000008002a54       0x12 ./Drivers/STM32F1xx_HAL_Driver/Src/stm32f1xx_hal_tim.o
                0x0000000008002a54                HAL_TIM_IC_CaptureCallback
 .text.HAL_TIM_PWM_PulseFinishedCallback
                0x0000000008002a66       0x12 ./Drivers/STM32F1xx_HAL_Driver/Src/stm32f1xx_hal_tim.o
                0x0000000008002a66                HAL_TIM_PWM_PulseFinishedCallback
 .text.HAL_TIM_TriggerCallback
                0x0000000008002a78       0x12 ./Drivers/STM32F1xx_HAL_Driver/Src/stm32f1xx_hal_tim.o
                0x0000000008002a78                HAL_TIM_TriggerCallback
 *fill*         0x0000000008002a8a        0x2 
 .text.TIM_Base_SetConfig
                0x0000000008002a8c       0xb0 ./Drivers/STM32F1xx_HAL_Driver/Src/stm32f1xx_hal_tim.o
                0x0000000008002a8c                TIM_Base_SetConfig
 .text.TIM_TI1_ConfigInputStage
                0x0000000008002b3c       0x5c ./Drivers/STM32F1xx_HAL_Driver/Src/stm32f1xx_hal_tim.o
 .text.TIM_TI2_ConfigInputStage
                0x0000000008002b98       0x5e ./Drivers/STM32F1xx_HAL_Driver/Src/stm32f1xx_hal_tim.o
 .text.TIM_ITRx_SetConfig
                0x0000000008002bf6       0x34 ./Drivers/STM32F1xx_HAL_Driver/Src/stm32f1xx_hal_tim.o
 .text.TIM_ETR_SetConfig
                0x0000000008002c2a       0x3e ./Drivers/STM32F1xx_HAL_Driver/Src/stm32f1xx_hal_tim.o
                0x0000000008002c2a                TIM_ETR_SetConfig
 .text.HAL_TIMEx_MasterConfigSynchronization
                0x0000000008002c68       0xb0 ./Drivers/STM32F1xx_HAL_Driver/Src/stm32f1xx_hal_tim_ex.o
                0x0000000008002c68                HAL_TIMEx_MasterConfigSynchronization
 .text.HAL_TIMEx_CommutCallback
                0x0000000008002d18       0x12 ./Drivers/STM32F1xx_HAL_Driver/Src/stm32f1xx_hal_tim_ex.o
                0x0000000008002d18                HAL_TIMEx_CommutCallback
 .text.HAL_TIMEx_BreakCallback
                0x0000000008002d2a       0x12 ./Drivers/STM32F1xx_HAL_Driver/Src/stm32f1xx_hal_tim_ex.o
                0x0000000008002d2a                HAL_TIMEx_BreakCallback
 .text.__libc_init_array
                0x0000000008002d3c       0x48 c:/d/coding/stm32cubeide/application/stm32cubeide_1.7.0/stm32cubeide/plugins/com.st.stm32cube.ide.mcu.externaltools.gnu-tools-for-stm32.9-2020-q2-update.win32_2.0.0.202105311346/tools/bin/../lib/gcc/arm-none-eabi/9.3.1/../../../../arm-none-eabi/lib/thumb/v7-m/nofp\libc_nano.a(lib_a-init.o)
                0x0000000008002d3c                __libc_init_array
 .text.memset   0x0000000008002d84       0x10 c:/d/coding/stm32cubeide/application/stm32cubeide_1.7.0/stm32cubeide/plugins/com.st.stm32cube.ide.mcu.externaltools.gnu-tools-for-stm32.9-2020-q2-update.win32_2.0.0.202105311346/tools/bin/../lib/gcc/arm-none-eabi/9.3.1/../../../../arm-none-eabi/lib/thumb/v7-m/nofp\libc_nano.a(lib_a-memset.o)
                0x0000000008002d84                memset
 *(.glue_7)
 .glue_7        0x0000000008002d94        0x0 linker stubs
 *(.glue_7t)
 .glue_7t       0x0000000008002d94        0x0 linker stubs
 *(.eh_frame)
 .eh_frame      0x0000000008002d94        0x0 c:/d/coding/stm32cubeide/application/stm32cubeide_1.7.0/stm32cubeide/plugins/com.st.stm32cube.ide.mcu.externaltools.gnu-tools-for-stm32.9-2020-q2-update.win32_2.0.0.202105311346/tools/bin/../lib/gcc/arm-none-eabi/9.3.1/thumb/v7-m/nofp/crtbegin.o
 *(.init)
 .init          0x0000000008002d94        0x4 c:/d/coding/stm32cubeide/application/stm32cubeide_1.7.0/stm32cubeide/plugins/com.st.stm32cube.ide.mcu.externaltools.gnu-tools-for-stm32.9-2020-q2-update.win32_2.0.0.202105311346/tools/bin/../lib/gcc/arm-none-eabi/9.3.1/thumb/v7-m/nofp/crti.o
                0x0000000008002d94                _init
 .init          0x0000000008002d98        0x8 c:/d/coding/stm32cubeide/application/stm32cubeide_1.7.0/stm32cubeide/plugins/com.st.stm32cube.ide.mcu.externaltools.gnu-tools-for-stm32.9-2020-q2-update.win32_2.0.0.202105311346/tools/bin/../lib/gcc/arm-none-eabi/9.3.1/thumb/v7-m/nofp/crtn.o
 *(.fini)
 .fini          0x0000000008002da0        0x4 c:/d/coding/stm32cubeide/application/stm32cubeide_1.7.0/stm32cubeide/plugins/com.st.stm32cube.ide.mcu.externaltools.gnu-tools-for-stm32.9-2020-q2-update.win32_2.0.0.202105311346/tools/bin/../lib/gcc/arm-none-eabi/9.3.1/thumb/v7-m/nofp/crti.o
                0x0000000008002da0                _fini
 .fini          0x0000000008002da4        0x8 c:/d/coding/stm32cubeide/application/stm32cubeide_1.7.0/stm32cubeide/plugins/com.st.stm32cube.ide.mcu.externaltools.gnu-tools-for-stm32.9-2020-q2-update.win32_2.0.0.202105311346/tools/bin/../lib/gcc/arm-none-eabi/9.3.1/thumb/v7-m/nofp/crtn.o
                0x0000000008002dac                . = ALIGN (0x4)
                0x0000000008002dac                _etext = .

.vfp11_veneer   0x0000000008002dac        0x0
 .vfp11_veneer  0x0000000008002dac        0x0 linker stubs

.v4_bx          0x0000000008002dac        0x0
 .v4_bx         0x0000000008002dac        0x0 linker stubs

.iplt           0x0000000008002dac        0x0
 .iplt          0x0000000008002dac        0x0 c:/d/coding/stm32cubeide/application/stm32cubeide_1.7.0/stm32cubeide/plugins/com.st.stm32cube.ide.mcu.externaltools.gnu-tools-for-stm32.9-2020-q2-update.win32_2.0.0.202105311346/tools/bin/../lib/gcc/arm-none-eabi/9.3.1/thumb/v7-m/nofp/crtbegin.o

.rodata         0x0000000008002dac       0x24
                0x0000000008002dac                . = ALIGN (0x4)
 *(.rodata)
 *(.rodata*)
 .rodata.AHBPrescTable
                0x0000000008002dac       0x10 ./Core/Src/system_stm32f1xx.o
                0x0000000008002dac                AHBPrescTable
 .rodata.aPLLMULFactorTable.6032
                0x0000000008002dbc       0x10 ./Drivers/STM32F1xx_HAL_Driver/Src/stm32f1xx_hal_rcc.o
 .rodata.aPredivFactorTable.6033
                0x0000000008002dcc        0x2 ./Drivers/STM32F1xx_HAL_Driver/Src/stm32f1xx_hal_rcc.o
                0x0000000008002dd0                . = ALIGN (0x4)
 *fill*         0x0000000008002dce        0x2 

.rel.dyn        0x0000000008002dd0        0x0
 .rel.iplt      0x0000000008002dd0        0x0 c:/d/coding/stm32cubeide/application/stm32cubeide_1.7.0/stm32cubeide/plugins/com.st.stm32cube.ide.mcu.externaltools.gnu-tools-for-stm32.9-2020-q2-update.win32_2.0.0.202105311346/tools/bin/../lib/gcc/arm-none-eabi/9.3.1/thumb/v7-m/nofp/crtbegin.o

.ARM.extab      0x0000000008002dd0        0x0
                0x0000000008002dd0                . = ALIGN (0x4)
 *(.ARM.extab* .gnu.linkonce.armextab.*)
                0x0000000008002dd0                . = ALIGN (0x4)

.ARM            0x0000000008002dd0        0x0
                0x0000000008002dd0                . = ALIGN (0x4)
                0x0000000008002dd0                __exidx_start = .
 *(.ARM.exidx*)
                0x0000000008002dd0                __exidx_end = .
                0x0000000008002dd0                . = ALIGN (0x4)

.preinit_array  0x0000000008002dd0        0x0
                0x0000000008002dd0                . = ALIGN (0x4)
                0x0000000008002dd0                PROVIDE (__preinit_array_start = .)
 *(.preinit_array*)
                0x0000000008002dd0                PROVIDE (__preinit_array_end = .)
                0x0000000008002dd0                . = ALIGN (0x4)

.init_array     0x0000000008002dd0        0x4
                0x0000000008002dd0                . = ALIGN (0x4)
                0x0000000008002dd0                PROVIDE (__init_array_start = .)
 *(SORT_BY_NAME(.init_array.*))
 *(.init_array*)
 .init_array    0x0000000008002dd0        0x4 c:/d/coding/stm32cubeide/application/stm32cubeide_1.7.0/stm32cubeide/plugins/com.st.stm32cube.ide.mcu.externaltools.gnu-tools-for-stm32.9-2020-q2-update.win32_2.0.0.202105311346/tools/bin/../lib/gcc/arm-none-eabi/9.3.1/thumb/v7-m/nofp/crtbegin.o
                0x0000000008002dd4                PROVIDE (__init_array_end = .)
                0x0000000008002dd4                . = ALIGN (0x4)

.fini_array     0x0000000008002dd4        0x4
                0x0000000008002dd4                . = ALIGN (0x4)
                [!provide]                        PROVIDE (__fini_array_start = .)
 *(SORT_BY_NAME(.fini_array.*))
 *(.fini_array*)
 .fini_array    0x0000000008002dd4        0x4 c:/d/coding/stm32cubeide/application/stm32cubeide_1.7.0/stm32cubeide/plugins/com.st.stm32cube.ide.mcu.externaltools.gnu-tools-for-stm32.9-2020-q2-update.win32_2.0.0.202105311346/tools/bin/../lib/gcc/arm-none-eabi/9.3.1/thumb/v7-m/nofp/crtbegin.o
                [!provide]                        PROVIDE (__fini_array_end = .)
                0x0000000008002dd8                . = ALIGN (0x4)
                0x0000000008002dd8                _sidata = LOADADDR (.data)

.data           0x0000000020000000       0x40 load address 0x0000000008002dd8
                0x0000000020000000                . = ALIGN (0x4)
                0x0000000020000000                _sdata = .
 *(.data)
 *(.data*)
 .data.sevenLEDdisplayBuffer
                0x0000000020000000       0x10 ./Core/Src/input_processing.o
                0x0000000020000000                sevenLEDdisplayBuffer
 .data.currM1State2
                0x0000000020000010        0x1 ./Core/Src/input_processing.o
                0x0000000020000010                currM1State2
 *fill*         0x0000000020000011        0x3 
 .data.counterTraffic
                0x0000000020000014        0x8 ./Core/Src/input_processing.o
                0x0000000020000014                counterTraffic
 .data.lightSeconds
                0x000000002000001c        0xc ./Core/Src/input_processing.o
                0x000000002000001c                lightSeconds
 .data.lightSeconds_temp
                0x0000000020000028        0xc ./Core/Src/input_processing.o
                0x0000000020000028                lightSeconds_temp
 .data.SystemCoreClock
                0x0000000020000034        0x4 ./Core/Src/system_stm32f1xx.o
                0x0000000020000034                SystemCoreClock
 .data.uwTickPrio
                0x0000000020000038        0x4 ./Drivers/STM32F1xx_HAL_Driver/Src/stm32f1xx_hal.o
                0x0000000020000038                uwTickPrio
 .data.uwTickFreq
                0x000000002000003c        0x1 ./Drivers/STM32F1xx_HAL_Driver/Src/stm32f1xx_hal.o
                0x000000002000003c                uwTickFreq
 *(.RamFunc)
 *(.RamFunc*)
                0x0000000020000040                . = ALIGN (0x4)
 *fill*         0x000000002000003d        0x3 
                0x0000000020000040                _edata = .

.igot.plt       0x0000000020000040        0x0 load address 0x0000000008002e18
 .igot.plt      0x0000000020000040        0x0 c:/d/coding/stm32cubeide/application/stm32cubeide_1.7.0/stm32cubeide/plugins/com.st.stm32cube.ide.mcu.externaltools.gnu-tools-for-stm32.9-2020-q2-update.win32_2.0.0.202105311346/tools/bin/../lib/gcc/arm-none-eabi/9.3.1/thumb/v7-m/nofp/crtbegin.o
                0x0000000020000040                . = ALIGN (0x4)

.bss            0x0000000020000040       0xe4 load address 0x0000000008002e18
                0x0000000020000040                _sbss = .
                0x0000000020000040                __bss_start__ = _sbss
 *(.bss)
 .bss           0x0000000020000040       0x1c c:/d/coding/stm32cubeide/application/stm32cubeide_1.7.0/stm32cubeide/plugins/com.st.stm32cube.ide.mcu.externaltools.gnu-tools-for-stm32.9-2020-q2-update.win32_2.0.0.202105311346/tools/bin/../lib/gcc/arm-none-eabi/9.3.1/thumb/v7-m/nofp/crtbegin.o
 *(.bss*)
 .bss.currMode  0x000000002000005c        0x1 ./Core/Src/input_processing.o
                0x000000002000005c                currMode
 .bss.currM1State1
                0x000000002000005d        0x1 ./Core/Src/input_processing.o
                0x000000002000005d                currM1State1
 *fill*         0x000000002000005e        0x2 
 .bss.buttonBuffer
                0x0000000020000060        0x3 ./Core/Src/input_reading.o
 *fill*         0x0000000020000063        0x1 
 .bss.debounceButtonBuffer1
                0x0000000020000064        0x3 ./Core/Src/input_reading.o
 *fill*         0x0000000020000067        0x1 
 .bss.debounceButtonBuffer2
                0x0000000020000068        0x3 ./Core/Src/input_reading.o
 *fill*         0x000000002000006b        0x1 
 .bss.debounceButtonBuffer3
                0x000000002000006c        0x3 ./Core/Src/input_reading.o
 *fill*         0x000000002000006f        0x1 
 .bss.debounceButtonBuffer4
                0x0000000020000070        0x3 ./Core/Src/input_reading.o
 *fill*         0x0000000020000073        0x1 
 .bss.debounceButtonBuffer5
                0x0000000020000074        0x3 ./Core/Src/input_reading.o
 *fill*         0x0000000020000077        0x1 
 .bss.flagForButtonPress1s
                0x0000000020000078        0x3 ./Core/Src/input_reading.o
 *fill*         0x000000002000007b        0x1 
 .bss.counterForButtonPress1s
                0x000000002000007c        0x6 ./Core/Src/input_reading.o
 *fill*         0x0000000020000082        0x2 
 .bss.index_led
                0x0000000020000084        0x4 ./Core/Src/led_display.o
                0x0000000020000084                index_led
 .bss.timer_counter
                0x0000000020000088       0x28 ./Core/Src/software_timer.o
                0x0000000020000088                timer_counter
 .bss.timer_flag
                0x00000000200000b0       0x28 ./Core/Src/software_timer.o
                0x00000000200000b0                timer_flag
 *(COMMON)
 COMMON         0x00000000200000d8       0x48 ./Core/Src/main.o
                0x00000000200000d8                htim2
 COMMON         0x0000000020000120        0x4 ./Drivers/STM32F1xx_HAL_Driver/Src/stm32f1xx_hal.o
                0x0000000020000120                uwTick
                0x0000000020000124                . = ALIGN (0x4)
                0x0000000020000124                _ebss = .
                0x0000000020000124                __bss_end__ = _ebss

._user_heap_stack
                0x0000000020000124      0x604 load address 0x0000000008002e18
                0x0000000020000128                . = ALIGN (0x8)
 *fill*         0x0000000020000124        0x4 
                [!provide]                        PROVIDE (end = .)
                0x0000000020000128                PROVIDE (_end = .)
                0x0000000020000328                . = (. + _Min_Heap_Size)
 *fill*         0x0000000020000128      0x200 
                0x0000000020000728                . = (. + _Min_Stack_Size)
 *fill*         0x0000000020000328      0x400 
                0x0000000020000728                . = ALIGN (0x8)

/DISCARD/
 libc.a(*)
 libm.a(*)
 libgcc.a(*)

.ARM.attributes
                0x0000000000000000       0x29
 *(.ARM.attributes)
 .ARM.attributes
                0x0000000000000000       0x1d c:/d/coding/stm32cubeide/application/stm32cubeide_1.7.0/stm32cubeide/plugins/com.st.stm32cube.ide.mcu.externaltools.gnu-tools-for-stm32.9-2020-q2-update.win32_2.0.0.202105311346/tools/bin/../lib/gcc/arm-none-eabi/9.3.1/thumb/v7-m/nofp/crti.o
 .ARM.attributes
                0x000000000000001d       0x2d c:/d/coding/stm32cubeide/application/stm32cubeide_1.7.0/stm32cubeide/plugins/com.st.stm32cube.ide.mcu.externaltools.gnu-tools-for-stm32.9-2020-q2-update.win32_2.0.0.202105311346/tools/bin/../lib/gcc/arm-none-eabi/9.3.1/thumb/v7-m/nofp/crtbegin.o
 .ARM.attributes
                0x000000000000004a       0x2d ./Core/Src/input_processing.o
 .ARM.attributes
                0x0000000000000077       0x2d ./Core/Src/input_reading.o
 .ARM.attributes
                0x00000000000000a4       0x2d ./Core/Src/led_display.o
 .ARM.attributes
                0x00000000000000d1       0x2d ./Core/Src/main.o
 .ARM.attributes
                0x00000000000000fe       0x2d ./Core/Src/software_timer.o
 .ARM.attributes
                0x000000000000012b       0x2d ./Core/Src/stm32f1xx_hal_msp.o
 .ARM.attributes
                0x0000000000000158       0x2d ./Core/Src/stm32f1xx_it.o
 .ARM.attributes
                0x0000000000000185       0x2d ./Core/Src/system_stm32f1xx.o
 .ARM.attributes
                0x00000000000001b2       0x21 ./Core/Startup/startup_stm32f103c6ux.o
 .ARM.attributes
                0x00000000000001d3       0x2d ./Drivers/STM32F1xx_HAL_Driver/Src/stm32f1xx_hal.o
 .ARM.attributes
                0x0000000000000200       0x2d ./Drivers/STM32F1xx_HAL_Driver/Src/stm32f1xx_hal_cortex.o
 .ARM.attributes
                0x000000000000022d       0x2d ./Drivers/STM32F1xx_HAL_Driver/Src/stm32f1xx_hal_gpio.o
 .ARM.attributes
                0x000000000000025a       0x2d ./Drivers/STM32F1xx_HAL_Driver/Src/stm32f1xx_hal_rcc.o
 .ARM.attributes
                0x0000000000000287       0x2d ./Drivers/STM32F1xx_HAL_Driver/Src/stm32f1xx_hal_tim.o
 .ARM.attributes
                0x00000000000002b4       0x2d ./Drivers/STM32F1xx_HAL_Driver/Src/stm32f1xx_hal_tim_ex.o
 .ARM.attributes
                0x00000000000002e1       0x2d c:/d/coding/stm32cubeide/application/stm32cubeide_1.7.0/stm32cubeide/plugins/com.st.stm32cube.ide.mcu.externaltools.gnu-tools-for-stm32.9-2020-q2-update.win32_2.0.0.202105311346/tools/bin/../lib/gcc/arm-none-eabi/9.3.1/../../../../arm-none-eabi/lib/thumb/v7-m/nofp\libc_nano.a(lib_a-init.o)
 .ARM.attributes
                0x000000000000030e       0x2d c:/d/coding/stm32cubeide/application/stm32cubeide_1.7.0/stm32cubeide/plugins/com.st.stm32cube.ide.mcu.externaltools.gnu-tools-for-stm32.9-2020-q2-update.win32_2.0.0.202105311346/tools/bin/../lib/gcc/arm-none-eabi/9.3.1/../../../../arm-none-eabi/lib/thumb/v7-m/nofp\libc_nano.a(lib_a-memset.o)
 .ARM.attributes
                0x000000000000033b       0x1d c:/d/coding/stm32cubeide/application/stm32cubeide_1.7.0/stm32cubeide/plugins/com.st.stm32cube.ide.mcu.externaltools.gnu-tools-for-stm32.9-2020-q2-update.win32_2.0.0.202105311346/tools/bin/../lib/gcc/arm-none-eabi/9.3.1/thumb/v7-m/nofp/crtn.o
OUTPUT(LAB3.elf elf32-littlearm)
LOAD linker stubs
LOAD c:/d/coding/stm32cubeide/application/stm32cubeide_1.7.0/stm32cubeide/plugins/com.st.stm32cube.ide.mcu.externaltools.gnu-tools-for-stm32.9-2020-q2-update.win32_2.0.0.202105311346/tools/bin/../lib/gcc/arm-none-eabi/9.3.1/../../../../arm-none-eabi/lib/thumb/v7-m/nofp\libc.a
LOAD c:/d/coding/stm32cubeide/application/stm32cubeide_1.7.0/stm32cubeide/plugins/com.st.stm32cube.ide.mcu.externaltools.gnu-tools-for-stm32.9-2020-q2-update.win32_2.0.0.202105311346/tools/bin/../lib/gcc/arm-none-eabi/9.3.1/../../../../arm-none-eabi/lib/thumb/v7-m/nofp\libm.a
LOAD c:/d/coding/stm32cubeide/application/stm32cubeide_1.7.0/stm32cubeide/plugins/com.st.stm32cube.ide.mcu.externaltools.gnu-tools-for-stm32.9-2020-q2-update.win32_2.0.0.202105311346/tools/bin/../lib/gcc/arm-none-eabi/9.3.1/thumb/v7-m/nofp\libgcc.a

.debug_info     0x0000000000000000     0x94c0
 .debug_info    0x0000000000000000      0x2ef ./Core/Src/input_processing.o
 .debug_info    0x00000000000002ef      0x36f ./Core/Src/input_reading.o
 .debug_info    0x000000000000065e      0x81a ./Core/Src/led_display.o
 .debug_info    0x0000000000000e78      0xc99 ./Core/Src/main.o
 .debug_info    0x0000000000001b11       0xde ./Core/Src/software_timer.o
 .debug_info    0x0000000000001bef      0xa09 ./Core/Src/stm32f1xx_hal_msp.o
 .debug_info    0x00000000000025f8      0x7b9 ./Core/Src/stm32f1xx_it.o
 .debug_info    0x0000000000002db1      0x2be ./Core/Src/system_stm32f1xx.o
 .debug_info    0x000000000000306f       0x22 ./Core/Startup/startup_stm32f103c6ux.o
 .debug_info    0x0000000000003091      0x74c ./Drivers/STM32F1xx_HAL_Driver/Src/stm32f1xx_hal.o
 .debug_info    0x00000000000037dd      0xbbe ./Drivers/STM32F1xx_HAL_Driver/Src/stm32f1xx_hal_cortex.o
 .debug_info    0x000000000000439b      0x701 ./Drivers/STM32F1xx_HAL_Driver/Src/stm32f1xx_hal_gpio.o
 .debug_info    0x0000000000004a9c      0x893 ./Drivers/STM32F1xx_HAL_Driver/Src/stm32f1xx_hal_rcc.o
 .debug_info    0x000000000000532f     0x2c12 ./Drivers/STM32F1xx_HAL_Driver/Src/stm32f1xx_hal_tim.o
 .debug_info    0x0000000000007f41     0x157f ./Drivers/STM32F1xx_HAL_Driver/Src/stm32f1xx_hal_tim_ex.o

.debug_abbrev   0x0000000000000000     0x1a13
 .debug_abbrev  0x0000000000000000      0x156 ./Core/Src/input_processing.o
 .debug_abbrev  0x0000000000000156      0x138 ./Core/Src/input_reading.o
 .debug_abbrev  0x000000000000028e      0x1b9 ./Core/Src/led_display.o
 .debug_abbrev  0x0000000000000447      0x248 ./Core/Src/main.o
 .debug_abbrev  0x000000000000068f       0xd8 ./Core/Src/software_timer.o
 .debug_abbrev  0x0000000000000767      0x1b7 ./Core/Src/stm32f1xx_hal_msp.o
 .debug_abbrev  0x000000000000091e      0x176 ./Core/Src/stm32f1xx_it.o
 .debug_abbrev  0x0000000000000a94      0x14e ./Core/Src/system_stm32f1xx.o
 .debug_abbrev  0x0000000000000be2       0x12 ./Core/Startup/startup_stm32f103c6ux.o
 .debug_abbrev  0x0000000000000bf4      0x1ed ./Drivers/STM32F1xx_HAL_Driver/Src/stm32f1xx_hal.o
 .debug_abbrev  0x0000000000000de1      0x313 ./Drivers/STM32F1xx_HAL_Driver/Src/stm32f1xx_hal_cortex.o
 .debug_abbrev  0x00000000000010f4      0x1e8 ./Drivers/STM32F1xx_HAL_Driver/Src/stm32f1xx_hal_gpio.o
 .debug_abbrev  0x00000000000012dc      0x273 ./Drivers/STM32F1xx_HAL_Driver/Src/stm32f1xx_hal_rcc.o
 .debug_abbrev  0x000000000000154f      0x25e ./Drivers/STM32F1xx_HAL_Driver/Src/stm32f1xx_hal_tim.o
 .debug_abbrev  0x00000000000017ad      0x266 ./Drivers/STM32F1xx_HAL_Driver/Src/stm32f1xx_hal_tim_ex.o

.debug_aranges  0x0000000000000000      0xb58
 .debug_aranges
                0x0000000000000000       0x60 ./Core/Src/input_processing.o
 .debug_aranges
                0x0000000000000060       0x30 ./Core/Src/input_reading.o
 .debug_aranges
                0x0000000000000090      0x170 ./Core/Src/led_display.o
 .debug_aranges
                0x0000000000000200       0x48 ./Core/Src/main.o
 .debug_aranges
                0x0000000000000248       0x28 ./Core/Src/software_timer.o
 .debug_aranges
                0x0000000000000270       0x30 ./Core/Src/stm32f1xx_hal_msp.o
 .debug_aranges
                0x00000000000002a0       0x68 ./Core/Src/stm32f1xx_it.o
 .debug_aranges
                0x0000000000000308       0x28 ./Core/Src/system_stm32f1xx.o
 .debug_aranges
                0x0000000000000330       0x28 ./Core/Startup/startup_stm32f103c6ux.o
 .debug_aranges
                0x0000000000000358       0xe0 ./Drivers/STM32F1xx_HAL_Driver/Src/stm32f1xx_hal.o
 .debug_aranges
                0x0000000000000438      0x100 ./Drivers/STM32F1xx_HAL_Driver/Src/stm32f1xx_hal_cortex.o
 .debug_aranges
                0x0000000000000538       0x58 ./Drivers/STM32F1xx_HAL_Driver/Src/stm32f1xx_hal_gpio.o
 .debug_aranges
                0x0000000000000590       0x90 ./Drivers/STM32F1xx_HAL_Driver/Src/stm32f1xx_hal_rcc.o
 .debug_aranges
                0x0000000000000620      0x3d0 ./Drivers/STM32F1xx_HAL_Driver/Src/stm32f1xx_hal_tim.o
 .debug_aranges
                0x00000000000009f0      0x168 ./Drivers/STM32F1xx_HAL_Driver/Src/stm32f1xx_hal_tim_ex.o

.debug_ranges   0x0000000000000000      0xa70
 .debug_ranges  0x0000000000000000       0x50 ./Core/Src/input_processing.o
 .debug_ranges  0x0000000000000050       0x20 ./Core/Src/input_reading.o
 .debug_ranges  0x0000000000000070      0x160 ./Core/Src/led_display.o
 .debug_ranges  0x00000000000001d0       0x38 ./Core/Src/main.o
 .debug_ranges  0x0000000000000208       0x18 ./Core/Src/software_timer.o
 .debug_ranges  0x0000000000000220       0x20 ./Core/Src/stm32f1xx_hal_msp.o
 .debug_ranges  0x0000000000000240       0x58 ./Core/Src/stm32f1xx_it.o
 .debug_ranges  0x0000000000000298       0x18 ./Core/Src/system_stm32f1xx.o
 .debug_ranges  0x00000000000002b0       0x20 ./Core/Startup/startup_stm32f103c6ux.o
 .debug_ranges  0x00000000000002d0       0xd0 ./Drivers/STM32F1xx_HAL_Driver/Src/stm32f1xx_hal.o
 .debug_ranges  0x00000000000003a0       0xf0 ./Drivers/STM32F1xx_HAL_Driver/Src/stm32f1xx_hal_cortex.o
 .debug_ranges  0x0000000000000490       0x48 ./Drivers/STM32F1xx_HAL_Driver/Src/stm32f1xx_hal_gpio.o
 .debug_ranges  0x00000000000004d8       0x80 ./Drivers/STM32F1xx_HAL_Driver/Src/stm32f1xx_hal_rcc.o
 .debug_ranges  0x0000000000000558      0x3c0 ./Drivers/STM32F1xx_HAL_Driver/Src/stm32f1xx_hal_tim.o
 .debug_ranges  0x0000000000000918      0x158 ./Drivers/STM32F1xx_HAL_Driver/Src/stm32f1xx_hal_tim_ex.o

.debug_macro    0x0000000000000000    0x16725
 .debug_macro   0x0000000000000000       0x2f ./Core/Src/input_processing.o
 .debug_macro   0x000000000000002f      0xa9c ./Core/Src/input_processing.o
 .debug_macro   0x0000000000000acb      0x1be ./Core/Src/input_reading.o
 .debug_macro   0x0000000000000c89      0x215 ./Core/Src/input_reading.o
 .debug_macro   0x0000000000000e9e       0x2e ./Core/Src/input_reading.o
 .debug_macro   0x0000000000000ecc       0x22 ./Core/Src/input_reading.o
 .debug_macro   0x0000000000000eee       0x22 ./Core/Src/input_reading.o
 .debug_macro   0x0000000000000f10       0x8e ./Core/Src/input_reading.o
 .debug_macro   0x0000000000000f9e       0x51 ./Core/Src/input_reading.o
 .debug_macro   0x0000000000000fef      0x103 ./Core/Src/input_reading.o
 .debug_macro   0x00000000000010f2       0x6a ./Core/Src/input_reading.o
 .debug_macro   0x000000000000115c      0x1df ./Core/Src/input_reading.o
 .debug_macro   0x000000000000133b       0x1c ./Core/Src/input_reading.o
 .debug_macro   0x0000000000001357       0x22 ./Core/Src/input_reading.o
 .debug_macro   0x0000000000001379       0xc3 ./Core/Src/input_reading.o
 .debug_macro   0x000000000000143c      0xd23 ./Core/Src/input_reading.o
 .debug_macro   0x000000000000215f     0xde75 ./Core/Src/input_reading.o
 .debug_macro   0x000000000000ffd4       0x6d ./Core/Src/input_reading.o
 .debug_macro   0x0000000000010041     0x348d ./Core/Src/input_reading.o
 .debug_macro   0x00000000000134ce      0x174 ./Core/Src/input_reading.o
 .debug_macro   0x0000000000013642       0x5c ./Core/Src/input_reading.o
 .debug_macro   0x000000000001369e      0x5bc ./Core/Src/input_reading.o
 .debug_macro   0x0000000000013c5a      0x1b7 ./Core/Src/input_reading.o
 .debug_macro   0x0000000000013e11      0x1cb ./Core/Src/input_reading.o
 .debug_macro   0x0000000000013fdc      0x114 ./Core/Src/input_reading.o
 .debug_macro   0x00000000000140f0      0x1b2 ./Core/Src/input_reading.o
 .debug_macro   0x00000000000142a2       0x27 ./Core/Src/input_reading.o
 .debug_macro   0x00000000000142c9      0x12f ./Core/Src/input_reading.o
 .debug_macro   0x00000000000143f8      0x1bc ./Core/Src/input_reading.o
 .debug_macro   0x00000000000145b4       0x34 ./Core/Src/input_reading.o
 .debug_macro   0x00000000000145e8       0x3c ./Core/Src/input_reading.o
 .debug_macro   0x0000000000014624       0x57 ./Core/Src/input_reading.o
 .debug_macro   0x000000000001467b       0x87 ./Core/Src/input_reading.o
 .debug_macro   0x0000000000014702      0x183 ./Core/Src/input_reading.o
 .debug_macro   0x0000000000014885      0x140 ./Core/Src/input_reading.o
 .debug_macro   0x00000000000149c5      0x8ed ./Core/Src/input_reading.o
 .debug_macro   0x00000000000152b2       0x69 ./Core/Src/input_reading.o
 .debug_macro   0x000000000001531b      0x148 ./Core/Src/input_reading.o
 .debug_macro   0x0000000000015463      0x1ba ./Core/Src/led_display.o
 .debug_macro   0x000000000001561d      0x1ce ./Core/Src/main.o
 .debug_macro   0x00000000000157eb       0x21 ./Core/Src/software_timer.o
 .debug_macro   0x000000000001580c      0x1a6 ./Core/Src/stm32f1xx_hal_msp.o
 .debug_macro   0x00000000000159b2      0x1b0 ./Core/Src/stm32f1xx_it.o
 .debug_macro   0x0000000000015b62      0x197 ./Core/Src/system_stm32f1xx.o
 .debug_macro   0x0000000000015cf9      0x1bb ./Drivers/STM32F1xx_HAL_Driver/Src/stm32f1xx_hal.o
 .debug_macro   0x0000000000015eb4      0x197 ./Drivers/STM32F1xx_HAL_Driver/Src/stm32f1xx_hal_cortex.o
 .debug_macro   0x000000000001604b      0x202 ./Drivers/STM32F1xx_HAL_Driver/Src/stm32f1xx_hal_gpio.o
 .debug_macro   0x000000000001624d      0x1a9 ./Drivers/STM32F1xx_HAL_Driver/Src/stm32f1xx_hal_rcc.o
 .debug_macro   0x00000000000163f6      0x198 ./Drivers/STM32F1xx_HAL_Driver/Src/stm32f1xx_hal_tim.o
 .debug_macro   0x000000000001658e      0x197 ./Drivers/STM32F1xx_HAL_Driver/Src/stm32f1xx_hal_tim_ex.o

.debug_line     0x0000000000000000     0xb839
 .debug_line    0x0000000000000000      0x3bf ./Core/Src/input_processing.o
 .debug_line    0x00000000000003bf      0x8bb ./Core/Src/input_reading.o
 .debug_line    0x0000000000000c7a      0xd68 ./Core/Src/led_display.o
 .debug_line    0x00000000000019e2      0x8d8 ./Core/Src/main.o
 .debug_line    0x00000000000022ba       0xb2 ./Core/Src/software_timer.o
 .debug_line    0x000000000000236c      0x7aa ./Core/Src/stm32f1xx_hal_msp.o
 .debug_line    0x0000000000002b16      0x848 ./Core/Src/stm32f1xx_it.o
 .debug_line    0x000000000000335e      0x7ec ./Core/Src/system_stm32f1xx.o
 .debug_line    0x0000000000003b4a       0x86 ./Core/Startup/startup_stm32f103c6ux.o
 .debug_line    0x0000000000003bd0      0xa19 ./Drivers/STM32F1xx_HAL_Driver/Src/stm32f1xx_hal.o
 .debug_line    0x00000000000045e9      0xc01 ./Drivers/STM32F1xx_HAL_Driver/Src/stm32f1xx_hal_cortex.o
 .debug_line    0x00000000000051ea      0xa9c ./Drivers/STM32F1xx_HAL_Driver/Src/stm32f1xx_hal_gpio.o
 .debug_line    0x0000000000005c86      0xe25 ./Drivers/STM32F1xx_HAL_Driver/Src/stm32f1xx_hal_rcc.o
 .debug_line    0x0000000000006aab     0x344f ./Drivers/STM32F1xx_HAL_Driver/Src/stm32f1xx_hal_tim.o
 .debug_line    0x0000000000009efa     0x193f ./Drivers/STM32F1xx_HAL_Driver/Src/stm32f1xx_hal_tim_ex.o

.debug_str      0x0000000000000000    0x82727
 .debug_str     0x0000000000000000     0x2f84 ./Core/Src/input_processing.o
                                       0x2fc6 (size before relaxing)
 .debug_str     0x0000000000002f84    0x7cc3e ./Core/Src/input_reading.o
                                      0x7fd0e (size before relaxing)
 .debug_str     0x000000000007fbc2      0x205 ./Core/Src/led_display.o
                                      0x7fe7f (size before relaxing)
 .debug_str     0x000000000007fdc7      0x6df ./Core/Src/main.o
                                      0x80460 (size before relaxing)
 .debug_str     0x00000000000804a6       0x52 ./Core/Src/software_timer.o
                                       0x2dfe (size before relaxing)
 .debug_str     0x00000000000804f8      0x2ba ./Core/Src/stm32f1xx_hal_msp.o
                                      0x8036c (size before relaxing)
 .debug_str     0x00000000000807b2       0xcd ./Core/Src/stm32f1xx_it.o
                                      0x800ce (size before relaxing)
 .debug_str     0x000000000008087f       0x52 ./Core/Src/system_stm32f1xx.o
                                      0x7f6fb (size before relaxing)
 .debug_str     0x00000000000808d1       0x36 ./Core/Startup/startup_stm32f103c6ux.o
                                         0x8a (size before relaxing)
 .debug_str     0x0000000000080907      0x304 ./Drivers/STM32F1xx_HAL_Driver/Src/stm32f1xx_hal.o
                                      0x7fd52 (size before relaxing)
 .debug_str     0x0000000000080c0b      0x300 ./Drivers/STM32F1xx_HAL_Driver/Src/stm32f1xx_hal_cortex.o
                                      0x7fd5a (size before relaxing)
 .debug_str     0x0000000000080f0b      0x311 ./Drivers/STM32F1xx_HAL_Driver/Src/stm32f1xx_hal_gpio.o
                                      0x7fabf (size before relaxing)
 .debug_str     0x000000000008121c      0x24f ./Drivers/STM32F1xx_HAL_Driver/Src/stm32f1xx_hal_rcc.o
                                      0x7faf8 (size before relaxing)
 .debug_str     0x000000000008146b      0xdce ./Drivers/STM32F1xx_HAL_Driver/Src/stm32f1xx_hal_tim.o
                                      0x80ad1 (size before relaxing)
 .debug_str     0x0000000000082239      0x4ee ./Drivers/STM32F1xx_HAL_Driver/Src/stm32f1xx_hal_tim_ex.o
                                      0x80282 (size before relaxing)

.comment        0x0000000000000000       0x53
 .comment       0x0000000000000000       0x53 ./Core/Src/input_processing.o
                                         0x54 (size before relaxing)
 .comment       0x0000000000000053       0x54 ./Core/Src/input_reading.o
 .comment       0x0000000000000053       0x54 ./Core/Src/led_display.o
 .comment       0x0000000000000053       0x54 ./Core/Src/main.o
 .comment       0x0000000000000053       0x54 ./Core/Src/software_timer.o
 .comment       0x0000000000000053       0x54 ./Core/Src/stm32f1xx_hal_msp.o
 .comment       0x0000000000000053       0x54 ./Core/Src/stm32f1xx_it.o
 .comment       0x0000000000000053       0x54 ./Core/Src/system_stm32f1xx.o
 .comment       0x0000000000000053       0x54 ./Drivers/STM32F1xx_HAL_Driver/Src/stm32f1xx_hal.o
 .comment       0x0000000000000053       0x54 ./Drivers/STM32F1xx_HAL_Driver/Src/stm32f1xx_hal_cortex.o
 .comment       0x0000000000000053       0x54 ./Drivers/STM32F1xx_HAL_Driver/Src/stm32f1xx_hal_gpio.o
 .comment       0x0000000000000053       0x54 ./Drivers/STM32F1xx_HAL_Driver/Src/stm32f1xx_hal_rcc.o
 .comment       0x0000000000000053       0x54 ./Drivers/STM32F1xx_HAL_Driver/Src/stm32f1xx_hal_tim.o
 .comment       0x0000000000000053       0x54 ./Drivers/STM32F1xx_HAL_Driver/Src/stm32f1xx_hal_tim_ex.o

.debug_frame    0x0000000000000000     0x2d58
 .debug_frame   0x0000000000000000      0x138 ./Core/Src/input_processing.o
 .debug_frame   0x0000000000000138       0x84 ./Core/Src/input_reading.o
 .debug_frame   0x00000000000001bc      0x570 ./Core/Src/led_display.o
 .debug_frame   0x000000000000072c       0xd8 ./Core/Src/main.o
 .debug_frame   0x0000000000000804       0x60 ./Core/Src/software_timer.o
 .debug_frame   0x0000000000000864       0x80 ./Core/Src/stm32f1xx_hal_msp.o
 .debug_frame   0x00000000000008e4      0x120 ./Core/Src/stm32f1xx_it.o
 .debug_frame   0x0000000000000a04       0x58 ./Core/Src/system_stm32f1xx.o
 .debug_frame   0x0000000000000a5c      0x334 ./Drivers/STM32F1xx_HAL_Driver/Src/stm32f1xx_hal.o
 .debug_frame   0x0000000000000d90      0x428 ./Drivers/STM32F1xx_HAL_Driver/Src/stm32f1xx_hal_cortex.o
 .debug_frame   0x00000000000011b8      0x14c ./Drivers/STM32F1xx_HAL_Driver/Src/stm32f1xx_hal_gpio.o
 .debug_frame   0x0000000000001304      0x218 ./Drivers/STM32F1xx_HAL_Driver/Src/stm32f1xx_hal_rcc.o
 .debug_frame   0x000000000000151c     0x11b8 ./Drivers/STM32F1xx_HAL_Driver/Src/stm32f1xx_hal_tim.o
 .debug_frame   0x00000000000026d4      0x638 ./Drivers/STM32F1xx_HAL_Driver/Src/stm32f1xx_hal_tim_ex.o
 .debug_frame   0x0000000000002d0c       0x2c c:/d/coding/stm32cubeide/application/stm32cubeide_1.7.0/stm32cubeide/plugins/com.st.stm32cube.ide.mcu.externaltools.gnu-tools-for-stm32.9-2020-q2-update.win32_2.0.0.202105311346/tools/bin/../lib/gcc/arm-none-eabi/9.3.1/../../../../arm-none-eabi/lib/thumb/v7-m/nofp\libc_nano.a(lib_a-init.o)
 .debug_frame   0x0000000000002d38       0x20 c:/d/coding/stm32cubeide/application/stm32cubeide_1.7.0/stm32cubeide/plugins/com.st.stm32cube.ide.mcu.externaltools.gnu-tools-for-stm32.9-2020-q2-update.win32_2.0.0.202105311346/tools/bin/../lib/gcc/arm-none-eabi/9.3.1/../../../../arm-none-eabi/lib/thumb/v7-m/nofp\libc_nano.a(lib_a-memset.o)
